------------------------------------------------------------
Timing Analyzer Summary
------------------------------------------------------------

Type  : Slow 1200mV 85C Model Setup 'clockdiv:inst3|inst3'
Slack : -3.353
TNS   : -9.302

Type  : Slow 1200mV 85C Model Setup 'PC:PC|inst1'
Slack : -0.782
TNS   : -0.782

Type  : Slow 1200mV 85C Model Setup 'iCLock'
Slack : -0.611
TNS   : -0.611

Type  : Slow 1200mV 85C Model Setup 'clockdiv:inst3|inst'
Slack : -0.492
TNS   : -0.492

Type  : Slow 1200mV 85C Model Setup 'clockdiv:inst3|inst1'
Slack : -0.374
TNS   : -0.374

Type  : Slow 1200mV 85C Model Setup 'PC:PC|inst'
Slack : -0.298
TNS   : -0.298

Type  : Slow 1200mV 85C Model Hold 'clockdiv:inst3|inst3'
Slack : 0.349
TNS   : 0.000

Type  : Slow 1200mV 85C Model Hold 'PC:PC|inst1'
Slack : 0.393
TNS   : 0.000

Type  : Slow 1200mV 85C Model Hold 'PC:PC|inst'
Slack : 0.397
TNS   : 0.000

Type  : Slow 1200mV 85C Model Hold 'iCLock'
Slack : 0.441
TNS   : 0.000

Type  : Slow 1200mV 85C Model Hold 'clockdiv:inst3|inst1'
Slack : 0.515
TNS   : 0.000

Type  : Slow 1200mV 85C Model Hold 'clockdiv:inst3|inst'
Slack : 0.582
TNS   : 0.000

Type  : Slow 1200mV 85C Model Recovery 'PC:PC|inst1'
Slack : -3.671
TNS   : -6.837

Type  : Slow 1200mV 85C Model Recovery 'PC:PC|inst'
Slack : -3.454
TNS   : -3.454

Type  : Slow 1200mV 85C Model Removal 'PC:PC|inst1'
Slack : 3.274
TNS   : 0.000

Type  : Slow 1200mV 85C Model Removal 'PC:PC|inst'
Slack : 3.600
TNS   : 0.000

Type  : Slow 1200mV 85C Model Minimum Pulse Width 'iCLock'
Slack : -3.000
TNS   : -4.403

Type  : Slow 1200mV 85C Model Minimum Pulse Width 'clockdiv:inst3|inst3'
Slack : -1.403
TNS   : -7.015

Type  : Slow 1200mV 85C Model Minimum Pulse Width 'PC:PC|inst1'
Slack : -1.403
TNS   : -2.806

Type  : Slow 1200mV 85C Model Minimum Pulse Width 'PC:PC|inst'
Slack : -1.403
TNS   : -1.403

Type  : Slow 1200mV 85C Model Minimum Pulse Width 'clockdiv:inst3|inst'
Slack : -1.403
TNS   : -1.403

Type  : Slow 1200mV 85C Model Minimum Pulse Width 'clockdiv:inst3|inst1'
Slack : -1.403
TNS   : -1.403

Type  : Slow 1200mV 0C Model Setup 'clockdiv:inst3|inst3'
Slack : -3.091
TNS   : -8.240

Type  : Slow 1200mV 0C Model Setup 'PC:PC|inst1'
Slack : -0.685
TNS   : -0.685

Type  : Slow 1200mV 0C Model Setup 'iCLock'
Slack : -0.432
TNS   : -0.432

Type  : Slow 1200mV 0C Model Setup 'clockdiv:inst3|inst'
Slack : -0.399
TNS   : -0.399

Type  : Slow 1200mV 0C Model Setup 'clockdiv:inst3|inst1'
Slack : -0.295
TNS   : -0.295

Type  : Slow 1200mV 0C Model Setup 'PC:PC|inst'
Slack : -0.264
TNS   : -0.264

Type  : Slow 1200mV 0C Model Hold 'clockdiv:inst3|inst3'
Slack : 0.312
TNS   : 0.000

Type  : Slow 1200mV 0C Model Hold 'iCLock'
Slack : 0.312
TNS   : 0.000

Type  : Slow 1200mV 0C Model Hold 'PC:PC|inst1'
Slack : 0.354
TNS   : 0.000

Type  : Slow 1200mV 0C Model Hold 'PC:PC|inst'
Slack : 0.389
TNS   : 0.000

Type  : Slow 1200mV 0C Model Hold 'clockdiv:inst3|inst1'
Slack : 0.474
TNS   : 0.000

Type  : Slow 1200mV 0C Model Hold 'clockdiv:inst3|inst'
Slack : 0.526
TNS   : 0.000

Type  : Slow 1200mV 0C Model Recovery 'PC:PC|inst1'
Slack : -3.342
TNS   : -6.214

Type  : Slow 1200mV 0C Model Recovery 'PC:PC|inst'
Slack : -3.154
TNS   : -3.154

Type  : Slow 1200mV 0C Model Removal 'PC:PC|inst1'
Slack : 3.037
TNS   : 0.000

Type  : Slow 1200mV 0C Model Removal 'PC:PC|inst'
Slack : 3.367
TNS   : 0.000

Type  : Slow 1200mV 0C Model Minimum Pulse Width 'iCLock'
Slack : -3.000
TNS   : -4.403

Type  : Slow 1200mV 0C Model Minimum Pulse Width 'clockdiv:inst3|inst3'
Slack : -1.403
TNS   : -7.015

Type  : Slow 1200mV 0C Model Minimum Pulse Width 'PC:PC|inst1'
Slack : -1.403
TNS   : -2.806

Type  : Slow 1200mV 0C Model Minimum Pulse Width 'PC:PC|inst'
Slack : -1.403
TNS   : -1.403

Type  : Slow 1200mV 0C Model Minimum Pulse Width 'clockdiv:inst3|inst'
Slack : -1.403
TNS   : -1.403

Type  : Slow 1200mV 0C Model Minimum Pulse Width 'clockdiv:inst3|inst1'
Slack : -1.403
TNS   : -1.403

Type  : Fast 1200mV 0C Model Setup 'clockdiv:inst3|inst3'
Slack : -1.269
TNS   : -2.944

Type  : Fast 1200mV 0C Model Setup 'iCLock'
Slack : -0.116
TNS   : -0.116

Type  : Fast 1200mV 0C Model Setup 'PC:PC|inst1'
Slack : -0.044
TNS   : -0.044

Type  : Fast 1200mV 0C Model Setup 'clockdiv:inst3|inst'
Slack : 0.126
TNS   : 0.000

Type  : Fast 1200mV 0C Model Setup 'clockdiv:inst3|inst1'
Slack : 0.177
TNS   : 0.000

Type  : Fast 1200mV 0C Model Setup 'PC:PC|inst'
Slack : 0.251
TNS   : 0.000

Type  : Fast 1200mV 0C Model Hold 'PC:PC|inst'
Slack : 0.080
TNS   : 0.000

Type  : Fast 1200mV 0C Model Hold 'clockdiv:inst3|inst3'
Slack : 0.152
TNS   : 0.000

Type  : Fast 1200mV 0C Model Hold 'clockdiv:inst3|inst1'
Slack : 0.167
TNS   : 0.000

Type  : Fast 1200mV 0C Model Hold 'PC:PC|inst1'
Slack : 0.169
TNS   : 0.000

Type  : Fast 1200mV 0C Model Hold 'clockdiv:inst3|inst'
Slack : 0.211
TNS   : 0.000

Type  : Fast 1200mV 0C Model Hold 'iCLock'
Slack : 0.317
TNS   : 0.000

Type  : Fast 1200mV 0C Model Recovery 'PC:PC|inst1'
Slack : -1.466
TNS   : -2.754

Type  : Fast 1200mV 0C Model Recovery 'PC:PC|inst'
Slack : -1.348
TNS   : -1.348

Type  : Fast 1200mV 0C Model Removal 'PC:PC|inst1'
Slack : 1.829
TNS   : 0.000

Type  : Fast 1200mV 0C Model Removal 'PC:PC|inst'
Slack : 1.928
TNS   : 0.000

Type  : Fast 1200mV 0C Model Minimum Pulse Width 'iCLock'
Slack : -3.000
TNS   : -4.213

Type  : Fast 1200mV 0C Model Minimum Pulse Width 'clockdiv:inst3|inst3'
Slack : -1.000
TNS   : -5.000

Type  : Fast 1200mV 0C Model Minimum Pulse Width 'PC:PC|inst1'
Slack : -1.000
TNS   : -2.000

Type  : Fast 1200mV 0C Model Minimum Pulse Width 'PC:PC|inst'
Slack : -1.000
TNS   : -1.000

Type  : Fast 1200mV 0C Model Minimum Pulse Width 'clockdiv:inst3|inst'
Slack : -1.000
TNS   : -1.000

Type  : Fast 1200mV 0C Model Minimum Pulse Width 'clockdiv:inst3|inst1'
Slack : -1.000
TNS   : -1.000

------------------------------------------------------------
